
> familytask-next@0.1.0 build
> next build

  Γû▓ Next.js 14.2.35
  - Environments: .env.local

   Creating an optimized production build ...
node.exe : Failed to compile.
At line:1 char:1
+ & "C:\nvm4w\nodejs/node.exe" "C:\Users\Dell\AppData\Roaming\npm/node_ ...
+ ~~~~~~~~~~~~~~~~~~~~~~~~~~~~~~~~~~~~~~~~~~~~~~~~~~~~~~~~~~~~~~~~~~~~~
    + CategoryInfo          : NotSpecified: (Failed to compile.:String) [], RemoteException
    + FullyQualifiedErrorId : NativeCommandError
 

./app/parent-dashboard/page.tsx
Error: Failed to read source code from C:\Users\Dell\Task-App\familytask-next\app\parent-dashboard\page.tsx

Caused by:
    stream did not contain valid UTF-8

Import trace for requested module:
./app/parent-dashboard/page.tsx


> Build failed because of webpack errors
